src/app/App.tsx(1,8): error TS6133: 'React' is declared but its value is never read.
src/app/App.tsx(5,3): error TS6133: 'useMemo' is declared but its value is never read.
src/app/App.tsx(9,46): error TS6133: 'XYCoord' is declared but its value is never read.
src/app/App.tsx(18,10): error TS6133: 'LayoutGrid' is declared but its value is never read.
src/app/App.tsx(101,7): error TS6133: 'DragProxy' is declared but its value is never read.
src/app/App.tsx(104,78): error TS18046: 'cx' is of type 'unknown'.
src/app/App.tsx(104,83): error TS18046: 'mx' is of type 'unknown'.
src/app/App.tsx(104,88): error TS18046: 's' is of type 'unknown'.
src/app/App.tsx(104,106): error TS18046: 's' is of type 'unknown'.
src/app/App.tsx(105,78): error TS18046: 'cy' is of type 'unknown'.
src/app/App.tsx(105,83): error TS18046: 'my' is of type 'unknown'.
src/app/App.tsx(105,88): error TS18046: 's' is of type 'unknown'.
src/app/App.tsx(105,107): error TS18046: 's' is of type 'unknown'.
src/app/App.tsx(226,10): error TS6133: 'isOver' is declared but its value is never read.
src/app/components/Card.persona.tsx(1,1): error TS6133: 'React' is declared but its value is never read.
src/app/components/Card.persona.tsx(2,1): error TS6133: 'motion' is declared but its value is never read.
src/app/components/Card.tsx(6,22): error TS6133: 'getElementLabel' is declared but its value is never read.
src/app/components/Card.tsx(40,3): error TS6133: 'image' is declared but its value is never read.
src/app/components/Card.tsx(62,18): error TS6133: 'monitor' is declared but its value is never read.
src/app/components/Card.tsx(153,31): error TS18046: 'vx' is of type 'unknown'.
src/app/components/Card.tsx(153,34): error TS18046: 'vx' is of type 'unknown'.
src/app/components/Card.tsx(153,39): error TS18046: 'vy' is of type 'unknown'.
src/app/components/Card.tsx(153,42): error TS18046: 'vy' is of type 'unknown'.
src/app/components/Card.tsx(207,59): error TS6198: All destructured elements are unused.
src/app/components/Card.tsx(279,6): error TS2322: Type '{ children: Element; onClick: (e: MouseEvent<HTMLDivElement, MouseEvent>) => void; onContextMenu: (e: MouseEvent<HTMLDivElement, MouseEvent>) => void; ... 160 more ...; ref: (node: HTMLDivElement | null) => void; }' is not assignable to type 'Omit<HTMLMotionProps<"div">, "ref">'.
  Types of property 'onDrag' are incompatible.
    Type 'DragEventHandler<EventTarget> | undefined' is not assignable to type '((event: MouseEvent | PointerEvent | TouchEvent, info: PanInfo) => void) | undefined'.
      Type 'DragEventHandler<EventTarget>' is not assignable to type '(event: MouseEvent | PointerEvent | TouchEvent, info: PanInfo) => void'.
        Types of parameters 'event' and 'event' are incompatible.
          Type 'MouseEvent | PointerEvent | TouchEvent' is not assignable to type 'DragEvent<EventTarget>'.
            Type 'MouseEvent' is missing the following properties from type 'DragEvent<EventTarget>': dataTransfer, nativeEvent, isDefaultPrevented, isPropagationStopped, persist
src/app/components/Card.tsx(321,52): error TS2722: Cannot invoke an object which is possibly 'undefined'.
src/app/components/CardVisual.tsx(180,9): error TS6133: 'title' is declared but its value is never read.
src/app/components/CardVisual.tsx(301,54): error TS18048: 'elementData' is possibly 'undefined'.
src/app/components/CardVisual.tsx(302,60): error TS18048: 'elementData' is possibly 'undefined'.
src/app/components/CardVisual.tsx(305,23): error TS18048: 'elementData' is possibly 'undefined'.
src/app/components/CardVisual.tsx(305,84): error TS18048: 'elementData' is possibly 'undefined'.
src/app/components/CardVisual.tsx(306,26): error TS18048: 'elementData' is possibly 'undefined'.
src/app/components/CardVisual.tsx(306,86): error TS18048: 'elementData' is possibly 'undefined'.
src/app/components/CardVisual.tsx(308,28): error TS18048: 'elementData' is possibly 'undefined'.
src/app/components/CardVisual.tsx(310,9): error TS6133: 'displayPos' is declared but its value is never read.
src/app/components/CardVisual.tsx(310,22): error TS18048: 'selectedDef' is possibly 'undefined'.
src/app/components/CardVisual.tsx(340,56): error TS18048: 'selectedDef' is possibly 'undefined'.
src/app/components/CardVisual.tsx(340,73): error TS18048: 'selectedDef' is possibly 'undefined'.
src/app/components/CardVisual.tsx(341,59): error TS18048: 'selectedFlavor' is possibly 'undefined'.
src/app/components/CardVisual.tsx(341,79): error TS18048: 'selectedFlavor' is possibly 'undefined'.
src/app/components/CardVisual.tsx(747,57): error TS18048: 'elementData' is possibly 'undefined'.
src/app/components/CardVisual.tsx(747,83): error TS18048: 'elementData' is possibly 'undefined'.
src/app/components/CardVisual.tsx(748,18): error TS2322: Type 'string | undefined' is not assignable to type 'string'.
  Type 'undefined' is not assignable to type 'string'.
src/app/components/Dock.tsx(246,83): error TS6133: 'isCenter' is declared but its value is never read.
src/app/components/Dock.tsx(274,77): error TS2339: Property 'goldStrong' does not exist on type '{ bgGlass: string; bgDeep: string; borderBase: string; borderFaint: string; borderTrace: string; borderHighlight: string; textLabel: string; textActive: string; textMuted: string; highlight: string; iconDefault: string; iconActive: string; }'.
src/app/components/Dock.tsx(274,121): error TS2339: Property 'goldMedium' does not exist on type '{ bgGlass: string; bgDeep: string; borderBase: string; borderFaint: string; borderTrace: string; borderHighlight: string; textLabel: string; textActive: string; textMuted: string; highlight: string; iconDefault: string; iconActive: string; }'.
src/app/components/Dock.tsx(297,74): error TS2339: Property 'goldDim' does not exist on type '{ bgGlass: string; bgDeep: string; borderBase: string; borderFaint: string; borderTrace: string; borderHighlight: string; textLabel: string; textActive: string; textMuted: string; highlight: string; iconDefault: string; iconActive: string; }'.
src/app/components/Dock.tsx(317,70): error TS2339: Property 'goldMedium' does not exist on type '{ bgGlass: string; bgDeep: string; borderBase: string; borderFaint: string; borderTrace: string; borderHighlight: string; textLabel: string; textActive: string; textMuted: string; highlight: string; iconDefault: string; iconActive: string; }'.
src/app/components/persona/registry.ts(61,9): error TS2322: Type 'PersonaBundle | DeepPartial<PersonaBundle> | undefined' is not assignable to type 'PersonaBundle | DeepPartial<PersonaBundle>'.
  Type 'undefined' is not assignable to type 'PersonaBundle | DeepPartial<PersonaBundle>'.
src/app/components/ui/sonner.tsx(3,26): error TS2307: Cannot find module 'next-themes' or its corresponding type declarations.
src/app/hooks/usePhysics.ts(32,20): error TS18048: 'itemA' is possibly 'undefined'.
src/app/hooks/usePhysics.ts(33,20): error TS18048: 'itemA' is possibly 'undefined'.
src/app/hooks/usePhysics.ts(34,20): error TS18048: 'itemB' is possibly 'undefined'.
src/app/hooks/usePhysics.ts(35,20): error TS18048: 'itemB' is possibly 'undefined'.
src/app/hooks/usePhysics.ts(38,29): error TS18048: 'itemA' is possibly 'undefined'.
src/app/hooks/usePhysics.ts(38,42): error TS18048: 'itemA' is possibly 'undefined'.
src/app/hooks/usePhysics.ts(39,29): error TS18048: 'itemB' is possibly 'undefined'.
src/app/hooks/usePhysics.ts(39,42): error TS18048: 'itemB' is possibly 'undefined'.
src/app/hooks/usePhysics.ts(47,30): error TS18048: 'itemA' is possibly 'undefined'.
src/app/hooks/usePhysics.ts(47,57): error TS18048: 'itemB' is possibly 'undefined'.
src/app/hooks/usePhysics.ts(62,11): error TS18048: 'itemA' is possibly 'undefined'.
src/app/hooks/usePhysics.ts(63,11): error TS18048: 'itemA' is possibly 'undefined'.
src/app/hooks/usePhysics.ts(64,11): error TS18048: 'itemB' is possibly 'undefined'.
src/app/hooks/usePhysics.ts(65,11): error TS18048: 'itemB' is possibly 'undefined'.
src/app/hooks/usePhysics.ts(87,26): error TS18048: 'item' is possibly 'undefined'.
src/app/hooks/usePhysics.ts(88,19): error TS18048: 'item' is possibly 'undefined'.
src/app/hooks/usePhysics.ts(89,19): error TS18048: 'item' is possibly 'undefined'.
src/app/hooks/usePhysics.ts(90,19): error TS18048: 'item' is possibly 'undefined'.
src/app/hooks/usePhysics.ts(91,19): error TS18048: 'item' is possibly 'undefined'.
src/app/hooks/usePhysics.ts(106,25): error TS18048: 'item' is possibly 'undefined'.
src/app/hooks/usePhysics.ts(107,25): error TS18048: 'item' is possibly 'undefined'.
src/core/api/APIClient.ts(29,8): error TS2307: Cannot find module '../types/api' or its corresponding type declarations.
src/core/api/APIClient.ts(38,36): error TS2339: Property 'env' does not exist on type 'ImportMeta'.
src/core/api/APIClient.ts(39,35): error TS2339: Property 'env' does not exist on type 'ImportMeta'.
src/core/assets/AssetManager.ts(10,32): error TS6196: 'AssetType' is declared but never used.
src/core/assets/AssetManager.ts(10,73): error TS6137: Cannot import type declaration files. Consider importing 'index' instead of '@types/index'.
src/core/init/moduleInit.ts(10,1): error TS6133: 'constructionModule' is declared but its value is never read.
src/core/init/moduleInit.ts(12,1): error TS6133: 'personaModule' is declared but its value is never read.
src/core/init/moduleInit.ts(13,1): error TS6133: 'itemModule' is declared but its value is never read.
src/core/init/moduleInit.ts(14,1): error TS6133: 'reviewModule' is declared but its value is never read.
src/core/init/moduleInit.ts(15,1): error TS6133: 'libraryModule' is declared but its value is never read.
src/core/init/moduleInit.ts(16,1): error TS6133: 'sedimentationModule' is declared but its value is never read.
src/core/platform/PlatformAdapter.ts(37,13): error TS6133: 'resizeObserver' is declared but its value is never read.
src/core/protocol/MessageBus.ts(180,71): error TS18048: 'interceptor' is possibly 'undefined'.
src/core/storage/StorageManager.ts(102,53): error TS2345: Argument of type 'string | undefined' is not assignable to parameter of type 'string'.
  Type 'undefined' is not assignable to type 'string'.
src/modules/item/ItemModule.ts(339,48): error TS6133: 'targetId' is declared but its value is never read.
src/modules/level/LevelModule.ts(9,1): error TS6133: 'messageBus' is declared but its value is never read.
src/modules/level/LevelModule.ts(70,17): error TS2322: Type 'CEFRLevel | undefined' is not assignable to type 'CEFRLevel'.
  Type 'undefined' is not assignable to type 'CEFRLevel'.
src/modules/level/LevelModule.ts(307,13): error TS2322: Type 'CEFRLevel | undefined' is not assignable to type 'CEFRLevel'.
  Type 'undefined' is not assignable to type 'CEFRLevel'.
src/modules/level/LevelModule.ts(312,13): error TS2322: Type 'CEFRLevel | undefined' is not assignable to type 'CEFRLevel'.
  Type 'undefined' is not assignable to type 'CEFRLevel'.
src/modules/review/ReviewModule.ts(11,21): error TS6196: 'CEFRLevel' is declared but never used.
src/modules/review/ReviewModule.ts(156,13): error TS2322: Type 'string[]' is not assignable to type 'MiniGameType[]'.
  Type 'string' is not assignable to type 'MiniGameType'.
src/modules/review/ReviewModule.ts(161,13): error TS2322: Type 'string[]' is not assignable to type 'MiniGameType[]'.
  Type 'string' is not assignable to type 'MiniGameType'.
src/modules/review/ReviewModule.ts(233,25): error TS6133: 'game' is declared but its value is never read.
src/modules/review/ReviewModule.ts(233,41): error TS6133: 'answer' is declared but its value is never read.
src/modules/review/ReviewModule.ts(335,9): error TS18048: 'interval' is possibly 'undefined'.
src/modules/review/ReviewModule.ts(337,9): error TS2322: Type 'number | undefined' is not assignable to type 'number'.
  Type 'undefined' is not assignable to type 'number'.
src/modules/review/ReviewModule.ts(370,14): error TS2322: Type 'T | undefined' is not assignable to type 'T'.
  'T' could be instantiated with an arbitrary type which could be unrelated to 'T | undefined'.
src/modules/review/ReviewModule.ts(370,24): error TS2322: Type 'T | undefined' is not assignable to type 'T'.
  'T' could be instantiated with an arbitrary type which could be unrelated to 'T | undefined'.
src/store/index.ts(15,5): error TS6196: 'Language' is declared but never used.
src/store/index.ts(16,5): error TS6196: 'ModelId' is declared but never used.
src/types/api.ts(7,54): error TS6196: 'ConstructionLevel' is declared but never used.
src/ui/components/system/DevConsole.tsx(17,1): error TS6133: 'personaModule' is declared but its value is never read.
src/ui/components/system/DevConsole.tsx(18,1): error TS6133: 'itemModule' is declared but its value is never read.
src/ui/components/system/DevConsole.tsx(19,1): error TS6133: 'reviewModule' is declared but its value is never read.
src/ui/components/system/DevConsole.tsx(20,1): error TS6133: 'libraryModule' is declared but its value is never read.
src/ui/components/system/DevConsole.tsx(21,34): error TS2307: Cannot find module '../../types/protocol' or its corresponding type declarations.
src/utils/helpers.ts(5,27): error TS6137: Cannot import type declaration files. Consider importing 'index' instead of '@types/index'.
src/utils/logger.ts(25,42): error TS2339: Property 'env' does not exist on type 'ImportMeta'.
